<testsuites id="" name="" tests="6" failures="0" skipped="0" errors="0" time="11.435887000000001">
<testsuite name="itemAllTestCases.spec.ts" timestamp="2024-10-21T06:39:03.240Z" hostname="chromium" tests="6" failures="0" skipped="0" time="39.671" errors="0">
<testcase name="Add new item test case › add new item and make sure it is added normally" classname="itemAllTestCases.spec.ts" time="7.43">
</testcase>
<testcase name="Add new item test case › should not add an item with an empty title" classname="itemAllTestCases.spec.ts" time="4.156">
</testcase>
<testcase name="Add new item test case › should not add an item with a short description" classname="itemAllTestCases.spec.ts" time="4.358">
</testcase>
<testcase name="Add new item test case › should not add an item with a price less than 30" classname="itemAllTestCases.spec.ts" time="4.243">
</testcase>
<testcase name="Add new item test case › Edit a product" classname="itemAllTestCases.spec.ts" time="8.784">
</testcase>
<testcase name="Add new item test case › Delete a product" classname="itemAllTestCases.spec.ts" time="10.7">
</testcase>
</testsuite>
</testsuites>